 huginn  REC  gke_acme_europe-west1_main / app-rec   services                                        demo · connecting… 
                                                                                                                        
                                                                                                                        
                                                                                                                        
                                                                                                                        
                                                                                                                        
                                                                                                                        
                                                                                                                        
                                                                                                                        
                                                   connecting to rec…                                                   
                                                                                                                        
                                                                                                                        
                                                                                                                        
                                                                                                                        
                                                                                                                        
                                                                                                                        
                                                                                                                        
                                                                                                                        
 SERVICES   loading                                                                                                     
 enter logs  / filter  s sort  p preview  r resync  ctrl+e env  f2 keys  q quit  ? help                                 