 huginn  REC  services / payment-service / kafka / payments.requ… demo · watching · synced 19:14:02 
 topic      payments.requested                                                                      
 partition  1   offset 1004                                                                         
 time       2026-09-26 19:14:06.000 UTC  (producer time)                                            
 key        ∅                                                                                       
 value      28 B                                                                                    
                                                                                                    
 HEADERS                                                                                            
   traceId: a1b2c3d4e5f60718                                                                        
                                                                                                    
 VALUE                                                                                              
   plain text event                                                                                 
   second line                                                                                      
                                                                                                    
                                                                                                    
                                                                                                    
                                                                                                    
                                                                                                    
                                                                                                    
                                                                                                    
                                                                                                    
                                                                                                    
 RECORD   read only                                                                                 
 J/K next/previous record  j/k scroll  esc back                                                     