 huginn  REC  gke_acme_europe-west1_main / app…   services / payment-service / logs   demo · watching · synced 19:14:02 
 pods  all 3    m8q7v Healthy 1 restart v2.14.3┌────────────────────────┐ p3w1n Healthy v2.14.4 new                     
 x4k2p 19:13:02.000  INFO i.g.p.PaymentControll│ Time window            │T /v1/payments status=201 duration=96ms        
 m8q7v 19:13:04.000 DEBUG c.z.hikari.pool.Hikar│                        │l stats (total=40, active=12, idle=28, waiting…
 x4k2p 19:13:07.000  WARN i.g.p.gateway.Gateway│  1  15m                │bove threshold provider=adyen p95=842ms        
 m8q7v 19:13:12.000 ERROR i.g.p.PaymentService │  2  30m                │iled orderId=ord_8f91a2 traceId=7fd28c90       
    io.gimle.payment.PaymentGatewayException: u│  3  40m                │  [+3 lines, enter to open]                    
 x4k2p 19:13:17.000  INFO i.g.p.PaymentControll│  4  45m                │ /v1/payments/pay_802ae status=200 duration=14…
 p3w1n 19:13:18.000  :: Spring Boot ::         │  5  1h                 │                                               
 p3w1n 19:13:22.000  INFO i.g.p.PaymentApplicat│  6  1d                 │cation in 7.412 seconds                        
 m8q7v 19:13:32.000 ERROR i.g.p.card.CardContro│  7  2d                 │suer orderId=ord_72bf10 retryable=false        
 x4k2p 19:13:42.000  INFO i.g.p.HealthReporter │  0  tail 500 lines     │omponents=db,redis,gateway                     
                                               │  9  head 500 lines     │                                               
                                               │                        │                                               
                                               │ enter load  esc cancel │                                               
                                               └────────────────────────┘                                               
                                                                                                                        
                                                                                                                        
 sort name   LIVE   2 errors · 1 warning  ·  15m  ·  all pods  ·  levels all  ·  cols pod time level class msg  ·  old… 
 j/k move  1…0 9 pick  enter load  esc cancel                                                                           