 huginn  REC  services / payment-service / l… demo · watching · synced 19:14:02 
 pods  all 3    m8q7v Healthy 1 restart v2.14.3   x4k2p Healthy v2.14.3   p3w1n…
 x4k2p 19:13:02.000  INFO [exec-1] i.g.p.PaymentController : request completed …
 m8q7v 19:13:04.000 DEBUG [exec-1] c.z.hikari.pool.HikariPool : HikariPool-1 - …
 x4k2p 19:13:07.000  WARN [exec-1] i.g.p.gateway.GatewayClient : gateway latenc…
 m8q7v 19:13:12.000 ERROR [exec-1] i.g.p.PaymentService : Payment authorization…
    io.gimle.payment.PaymentGatewayException: upstream request timed out   [+3 …
 x4k2p 19:13:17.000  INFO [exec-1] i.g.p.PaymentController : request completed …
 p3w1n 19:13:18.000  :: Spring Boot ::                (v3.4.1)                  
 p3w1n 19:13:22.000  INFO [exec-1] i.g.p.PaymentApplication : Started PaymentAp…
 m8q7v 19:13:32.000 ERROR [exec-1] i.g.p.card.CardController : Card declined by…
 x4k2p 19:13:42.000  INFO [exec-1] i.g.p.HealthReporter : health probe succeede…
                                                                                
                                                                                
                                                                                
 LIVE   15m  ·  all pods  ·  levels all  ·  oldest first  ·  9/9 lines  ·  buf… 