 huginn  REC  gke_acme_europe-west1_main / app-rec   services / payment-service / logs                                        demo · watching · synced 19:14:02 
 pods  all 3    m8q7v Healthy 1 restart v2.14.3   x4k2p Healthy v2.14.3   p3w1n Healthy v2.14.4 new                                                             
 x4k2p request completed POST /v1/payments status=201 duration=96ms                                                                                             
 m8q7v HikariPool-1 - Pool stats (total=40, active=12, idle=28, waiting=0)                                                                                      
 x4k2p gateway latency above threshold provider=adyen p95=842ms                                                                                                 
 m8q7v Payment authorization failed orderId=ord_8f91a2 traceId=7fd28c90                                                                                         
    io.gimle.payment.PaymentGatewayException: upstream request timed out   [+3 lines, enter to open]                                                            
 x4k2p request completed GET /v1/payments/pay_802ae status=200 duration=14ms                                                                                    
 p3w1n  :: Spring Boot ::                (v3.4.1)                                                                                                               
 p3w1n Started PaymentApplication in 7.412 seconds                                                                                                              
 m8q7v Card declined by issuer orderId=ord_72bf10 retryable=false                                                                                               
 x4k2p health probe succeeded components=db,redis,gateway                                                                                                       
                                                                                                                                                                
                                                                                                                                                                
 class hidden   LIVE   2 errors · 1 warning  ·  15m  ·  all pods  ·  levels all  ·  cols pod msg  ·  oldest first  ·  9/9 lines  ·  buffer 0%  ·  dropped 0     
 / filter  l levels  x mode  n/N match  f follow  space pause  t window  tab pods  c cols  C columns  z focus  enter zoom  ? help                               