 huginn  REC  gke_acme_europe-west1_main / app…   services / payment-service / logs   demo · watching · synced 19:14:02 
 m8q7v 19:13:04.000 DEBUG c.z.hikari.pool.HikariPool : HikariPool-1 - Pool stats (total=40, active=12, idle=28, waiting…
 x4k2p 19:13:07.000  WARN i.g.p.gateway.GatewayClient : gateway latency above threshold provider=adyen p95=842ms        
 m8q7v 19:13:12.000 ERROR i.g.p.PaymentService : Payment authorization failed orderId=ord_8f91a2 traceId=7fd28c90       
    io.gimle.payment.PaymentGatewayException: upstream request timed out   [+3 lines, enter to open]                    
 x4k2p 19:13:17.000  INFO i.g.p.PaymentController : request completed GET /v1/payments/pay_802ae status=200 duration=14…
 p3w1n 19:13:18.000  :: Spring Boot ::                (v3.4.1)                                                          
 p3w1n 19:13:22.000  INFO i.g.p.PaymentApplication : Started PaymentApplication in 7.412 seconds                        
 m8q7v 19:13:32.000 ERROR i.g.p.card.CardController : Card declined by issuer orderId=ord_72bf10 retryable=false        
 x4k2p 19:13:42.000  INFO i.g.p.HealthReporter : health probe succeeded components=db,redis,gateway                     
 sort name   LIVE   15m  ·  all pods  ·  levels all  ·  oldest first  ·  9/9 lines  ·  buffer 0%  ·  dropped 0  ·  col… 
 / filter  l levels  x mode  n/N match  f follow  space pause  t window  tab pods  c cols  C columns  z focus  ? help   