 huginn  REC  services / payment-service / logs             watching · 19:14:02 
 pods  all 3    m8q7v Healthy 1 restart v2.14.3   x4k2p Healthy v2.14.3   p3w1n…
 x4k2p 19:13:02.000  INFO request completed POST /v1/payments status=201 durati…
 m8q7v 19:13:04.000 DEBUG HikariPool-1 - Pool stats (total=40, active=12, idle=…
 x4k2p 19:13:07.000  WARN gateway latency above threshold provider=adyen p95=84…
 m8q7v 19:13:12.000 ERROR Payment authorization failed orderId=ord_8f91a2 trace…
    io.gimle.payment.PaymentGatewayException: upstream request timed out   [+3 …
 x4k2p 19:13:17.000  INFO request completed GET /v1/payments/pay_802ae status=2…
 p3w1n 19:13:18.000  :: Spring Boot ::                (v3.4.1)                  
 p3w1n 19:13:22.000  INFO Started PaymentApplication in 7.412 seconds           
 m8q7v 19:13:32.000 ERROR Card declined by issuer orderId=ord_72bf10 retryable=…
 x4k2p 19:13:42.000  INFO health probe succeeded components=db,redis,gateway    
                                                                                
                                                                                
 sort name   LIVE   2 errors · 1 warning  ·  15m  ·  all pods  ·  levels all  … 
 / filter  l levels  x mode  n/N match  f follow  space pause  t window  ? help 