 huginn  REC  gke_acme_europe-west1_main / app-rec   services / payment-service                           demo · watching · synced 19:14:02 
 payment-service  2 pods · 2 workloads · Healthy                                                                                            
                                                                                                                                            
 POD                               STATUS              READY  RESTARTS  VERSION           NODE                      AGE                     
 payment-service-7b9c8d4f6c-m8q7v  Healthy             yes           1  v2.14.3           gke-main-pool-2-9c1f      12d                     
 payment-service-7b9c8d4f6c-x4k2p  Healthy             yes           0  v2.14.3           gke-main-pool-2-9c1f      12d                     
                                                                                                                                            
                                                                                                                                            
                                                                                                                                            
                                                                                                                                            
                                                                                                                                            
                                                                                                                                            
                                                                                                                                            
                                                                                                                                            
                                                                                                                                            
                                                                                                                                            
 hidden containers: istio-init, istio-proxy, vault-agent                                                                                    
 Log streaming for this repository arrives in milestone M2.                                                                                 
                                                                                                                                            
 SERVICES   payment-service · pods of application workloads only                                              esc back  ctrl+e env  q quit  