 huginn  REC  gke_acme_europe-west1_main / app-rec   services                     demo · error: unauthorized · retrying 
                                                                                                                        
                                                                                                                        
                                                                                                                        
                                                                                                                        
                                             Cannot reach rec: unauthorized                                             
                                                                                                                        
                                                      unauthorized                                                      
                                                                                                                        
                                     retrying automatically · press r to retry now                                      
                                                                                                                        
                                                                                                                        
                                                                                                                        
                                                                                                                        
                                                                                                                        
 SERVICES   0 repos  ·  sort status                                   enter logs  / filter  s sort  ctrl+e env  q quit  