 huginn  REC  gke_acme_europe-west1_main / app-rec   services                                                      demo 
                                                                                                                        
                                                                                                                        
                                                                                                                        
                                                                                                                        
                                                                                                                        
                                                                                                                        
                                                                                                                        
                                                                                                                        
                                                                                                                        
                                                                                                                        
                                                                                                                        
                                                                                                                        
                                        Services screen arrives in milestone M1.                                        
                                                                                                                        
                             The shell, configuration, ports and demo cluster are in place.                             
                                                    Press q to quit.                                                    
                                                                                                                        
                                                                                                                        
                                                                                                                        
                                                                                                                        
                                                                                                                        
                                                                                                                        
                                                                                                                        
                                                                                                                        
                                                                                                                        
                                                                                                                        
                                                                                                                        
                                                                                                                        
 SERVICES   read-only                                                                                    ? help  q quit 